// Jest Snapshot v1, https://goo.gl/fbAQLP

exports[`Input renders correctly 1`] = `
<DocumentFragment>
  <div
    class="css-1b7vfsy"
  >
    <input
      class="react-datatable-input"
      data-testid="react-datatable-input"
      id="react-datatable-input"
      type="text"
      value="value"
    />
  </div>
</DocumentFragment>
`;
