// Jest Snapshot v1, https://goo.gl/fbAQLP

exports[`Sort renders correctly 1`] = `ShallowWrapper {}`;
